[
  {
    "file": "/src/TreeSorter.ts",
    "startLine": 9,
    "startColumn": 4,
    "endLine": 9,
    "endColumn": 15,
    "originalCode": "console.log",
    "replacement": "console.error",
    "promptId": 1,
    "completionId": 0,
    "reason": "call/callee"
  },
  {
    "file": "/src/TreeSorter.ts",
    "startLine": 9,
    "startColumn": 4,
    "endLine": 9,
    "endColumn": 15,
    "originalCode": "console.log",
    "replacement": "console.warn",
    "promptId": 1,
    "completionId": 0,
    "reason": "call/callee"
  },
  {
    "file": "/src/TreeSorter.ts",
    "startLine": 9,
    "startColumn": 4,
    "endLine": 9,
    "endColumn": 15,
    "originalCode": "console.log",
    "replacement": "console.info",
    "promptId": 1,
    "completionId": 0,
    "reason": "call/callee"
  },
  {
    "file": "/src/TreeSorter.ts",
    "startLine": 17,
    "startColumn": 8,
    "endLine": 17,
    "endColumn": 23,
    "originalCode": "list.length > 1",
    "replacement": "list.length < 1",
    "promptId": 3,
    "completionId": 2,
    "reason": "if/test"
  },
  {
    "file": "/src/TreeSorter.ts",
    "startLine": 17,
    "startColumn": 8,
    "endLine": 17,
    "endColumn": 23,
    "originalCode": "list.length > 1",
    "replacement": "list.length === 0",
    "promptId": 3,
    "completionId": 2,
    "reason": "if/test"
  },
  {
    "file": "/src/TreeSorter.ts",
    "startLine": 20,
    "startColumn": 30,
    "endLine": 20,
    "endColumn": 45,
    "originalCode": "i < list.length",
    "replacement": "i <= list.length",
    "promptId": 5,
    "completionId": 4,
    "reason": "for/test"
  },
  {
    "file": "/src/TreeSorter.ts",
    "startLine": 20,
    "startColumn": 30,
    "endLine": 20,
    "endColumn": 45,
    "originalCode": "i < list.length",
    "replacement": "i < list.length - 1",
    "promptId": 5,
    "completionId": 4,
    "reason": "for/test"
  },
  {
    "file": "/src/TreeSorter.ts",
    "startLine": 20,
    "startColumn": 30,
    "endLine": 20,
    "endColumn": 45,
    "originalCode": "i < list.length",
    "replacement": "i < list.length + 1",
    "promptId": 5,
    "completionId": 4,
    "reason": "for/test"
  },
  {
    "file": "/src/TreeSorter.ts",
    "startLine": 20,
    "startColumn": 47,
    "endLine": 20,
    "endColumn": 50,
    "originalCode": "i++",
    "replacement": "i--",
    "promptId": 6,
    "completionId": 5,
    "reason": "for/update"
  },
  {
    "file": "/src/TreeSorter.ts",
    "startLine": 20,
    "startColumn": 47,
    "endLine": 20,
    "endColumn": 50,
    "originalCode": "i++",
    "replacement": "i += 2",
    "promptId": 6,
    "completionId": 5,
    "reason": "for/update"
  },
  {
    "file": "/src/TreeSorter.ts",
    "startLine": 20,
    "startColumn": 47,
    "endLine": 20,
    "endColumn": 50,
    "originalCode": "i++",
    "replacement": "i = list.length - 1",
    "promptId": 6,
    "completionId": 5,
    "reason": "for/update"
  },
  {
    "file": "/src/TreeSorter.ts",
    "startLine": 21,
    "startColumn": 20,
    "endLine": 21,
    "endColumn": 27,
    "originalCode": "list[i]",
    "replacement": "list[i+1]",
    "promptId": 9,
    "completionId": 8,
    "reason": "call/arg0"
  },
  {
    "file": "/src/TreeSorter.ts",
    "startLine": 21,
    "startColumn": 20,
    "endLine": 21,
    "endColumn": 27,
    "originalCode": "list[i]",
    "replacement": "list[i*2]",
    "promptId": 9,
    "completionId": 8,
    "reason": "call/arg0"
  },
  {
    "file": "/src/TreeSorter.ts",
    "startLine": 21,
    "startColumn": 29,
    "endLine": 21,
    "endColumn": 39,
    "originalCode": "compareFun",
    "replacement": "compareFun(v, this.value) > 0",
    "promptId": 10,
    "completionId": 9,
    "reason": "call/arg1"
  },
  {
    "file": "/src/TreeSorter.ts",
    "startLine": 21,
    "startColumn": 29,
    "endLine": 21,
    "endColumn": 39,
    "originalCode": "compareFun",
    "replacement": "compareFun(v, this.value) != 0",
    "promptId": 10,
    "completionId": 9,
    "reason": "call/arg1"
  },
  {
    "file": "/src/TreeSorter.ts",
    "startLine": 21,
    "startColumn": 8,
    "endLine": 21,
    "endColumn": 40,
    "originalCode": "tree.insert(list[i], compareFun)",
    "replacement": "tree.insert(list[i+1], compareFun)",
    "promptId": 11,
    "completionId": 10,
    "reason": "call/allArgs"
  },
  {
    "file": "/src/TreeSorter.ts",
    "startLine": 21,
    "startColumn": 8,
    "endLine": 21,
    "endColumn": 40,
    "originalCode": "tree.insert(list[i], compareFun)",
    "replacement": "tree.insert(list[i], compareFun(v, this.value))",
    "promptId": 11,
    "completionId": 10,
    "reason": "call/allArgs"
  },
  {
    "file": "/src/TreeSorter.ts",
    "startLine": 23,
    "startColumn": 20,
    "endLine": 23,
    "endColumn": 24,
    "originalCode": "list",
    "replacement": "list.slice()",
    "promptId": 13,
    "completionId": 12,
    "reason": "call/arg0"
  },
  {
    "file": "/src/TreeSorter.ts",
    "startLine": 23,
    "startColumn": 20,
    "endLine": 23,
    "endColumn": 24,
    "originalCode": "list",
    "replacement": "list.splice(0, 1)",
    "promptId": 13,
    "completionId": 12,
    "reason": "call/arg0"
  },
  {
    "file": "/src/TreeSorter.ts",
    "startLine": 23,
    "startColumn": 20,
    "endLine": 23,
    "endColumn": 24,
    "originalCode": "list",
    "replacement": "list.concat([])",
    "promptId": 13,
    "completionId": 12,
    "reason": "call/arg0"
  },
  {
    "file": "/src/TreeSorter.ts",
    "startLine": 23,
    "startColumn": 26,
    "endLine": 23,
    "endColumn": 27,
    "originalCode": "0",
    "replacement": "1",
    "promptId": 14,
    "completionId": 13,
    "reason": "call/arg1"
  },
  {
    "file": "/src/TreeSorter.ts",
    "startLine": 23,
    "startColumn": 26,
    "endLine": 23,
    "endColumn": 27,
    "originalCode": "0",
    "replacement": "-1",
    "promptId": 14,
    "completionId": 13,
    "reason": "call/arg1"
  },
  {
    "file": "/src/TreeSorter.ts",
    "startLine": 23,
    "startColumn": 26,
    "endLine": 23,
    "endColumn": 27,
    "originalCode": "0",
    "replacement": "list.length",
    "promptId": 14,
    "completionId": 13,
    "reason": "call/arg1"
  },
  {
    "file": "/src/TreeSorter.ts",
    "startLine": 23,
    "startColumn": 6,
    "endLine": 23,
    "endColumn": 28,
    "originalCode": "tree.copyInto(list, 0)",
    "replacement": "tree.copyInto(list, 1)",
    "promptId": 15,
    "completionId": 14,
    "reason": "call/allArgs"
  },
  {
    "file": "/src/TreeSorter.ts",
    "startLine": 23,
    "startColumn": 6,
    "endLine": 23,
    "endColumn": 28,
    "originalCode": "tree.copyInto(list, 0)",
    "replacement": "tree.copyInto(list, list.length)",
    "promptId": 15,
    "completionId": 14,
    "reason": "call/allArgs"
  },
  {
    "file": "/src/TreeSorter.ts",
    "startLine": 23,
    "startColumn": 6,
    "endLine": 23,
    "endColumn": 28,
    "originalCode": "tree.copyInto(list, 0)",
    "replacement": "tree.copyInto(list, list.length - 1)",
    "promptId": 15,
    "completionId": 14,
    "reason": "call/allArgs"
  },
  {
    "file": "/src/TreeSorter.ts",
    "startLine": 39,
    "startColumn": 8,
    "endLine": 39,
    "endColumn": 37,
    "originalCode": "compareFun(v, this.value) < 0",
    "replacement": "compareFun(v, this.value) > 0",
    "promptId": 16,
    "completionId": 15,
    "reason": "if/test"
  },
  {
    "file": "/src/TreeSorter.ts",
    "startLine": 39,
    "startColumn": 8,
    "endLine": 39,
    "endColumn": 37,
    "originalCode": "compareFun(v, this.value) < 0",
    "replacement": "compareFun(v, this.value) == 0",
    "promptId": 16,
    "completionId": 15,
    "reason": "if/test"
  },
  {
    "file": "/src/TreeSorter.ts",
    "startLine": 39,
    "startColumn": 8,
    "endLine": 39,
    "endColumn": 37,
    "originalCode": "compareFun(v, this.value) < 0",
    "replacement": "compareFun(v, this.value) < 1",
    "promptId": 16,
    "completionId": 15,
    "reason": "if/test"
  },
  {
    "file": "/src/TreeSorter.ts",
    "startLine": 39,
    "startColumn": 19,
    "endLine": 39,
    "endColumn": 20,
    "originalCode": "v",
    "replacement": "v + 1",
    "promptId": 18,
    "completionId": 17,
    "reason": "call/arg0"
  },
  {
    "file": "/src/TreeSorter.ts",
    "startLine": 39,
    "startColumn": 19,
    "endLine": 39,
    "endColumn": 20,
    "originalCode": "v",
    "replacement": "v - 1",
    "promptId": 18,
    "completionId": 17,
    "reason": "call/arg0"
  },
  {
    "file": "/src/TreeSorter.ts",
    "startLine": 39,
    "startColumn": 19,
    "endLine": 39,
    "endColumn": 20,
    "originalCode": "v",
    "replacement": "v * 2",
    "promptId": 18,
    "completionId": 17,
    "reason": "call/arg0"
  },
  {
    "file": "/src/TreeSorter.ts",
    "startLine": 39,
    "startColumn": 22,
    "endLine": 39,
    "endColumn": 32,
    "originalCode": "this.value",
    "replacement": "this.left",
    "promptId": 19,
    "completionId": 18,
    "reason": "call/arg1"
  },
  {
    "file": "/src/TreeSorter.ts",
    "startLine": 39,
    "startColumn": 22,
    "endLine": 39,
    "endColumn": 32,
    "originalCode": "this.value",
    "replacement": "this.right",
    "promptId": 19,
    "completionId": 18,
    "reason": "call/arg1"
  },
  {
    "file": "/src/TreeSorter.ts",
    "startLine": 39,
    "startColumn": 22,
    "endLine": 39,
    "endColumn": 32,
    "originalCode": "this.value",
    "replacement": "this.value + 1",
    "promptId": 19,
    "completionId": 18,
    "reason": "call/arg1"
  },
  {
    "file": "/src/TreeSorter.ts",
    "startLine": 39,
    "startColumn": 8,
    "endLine": 39,
    "endColumn": 33,
    "originalCode": "compareFun(v, this.value)",
    "replacement": "compareFun(v, this.value + 1)",
    "promptId": 20,
    "completionId": 19,
    "reason": "call/allArgs"
  },
  {
    "file": "/src/TreeSorter.ts",
    "startLine": 39,
    "startColumn": 8,
    "endLine": 39,
    "endColumn": 33,
    "originalCode": "compareFun(v, this.value)",
    "replacement": "compareFun(v, this.value - 1)",
    "promptId": 20,
    "completionId": 19,
    "reason": "call/allArgs"
  },
  {
    "file": "/src/TreeSorter.ts",
    "startLine": 39,
    "startColumn": 8,
    "endLine": 39,
    "endColumn": 33,
    "originalCode": "compareFun(v, this.value)",
    "replacement": "compareFun(v, this.value * 2)",
    "promptId": 20,
    "completionId": 19,
    "reason": "call/allArgs"
  },
  {
    "file": "/src/TreeSorter.ts",
    "startLine": 40,
    "startColumn": 10,
    "endLine": 40,
    "endColumn": 27,
    "originalCode": "this.left != null",
    "replacement": "this.left === null",
    "promptId": 21,
    "completionId": 20,
    "reason": "if/test"
  },
  {
    "file": "/src/TreeSorter.ts",
    "startLine": 40,
    "startColumn": 10,
    "endLine": 40,
    "endColumn": 27,
    "originalCode": "this.left != null",
    "replacement": "this.right != null",
    "promptId": 21,
    "completionId": 20,
    "reason": "if/test"
  },
  {
    "file": "/src/TreeSorter.ts",
    "startLine": 40,
    "startColumn": 10,
    "endLine": 40,
    "endColumn": 27,
    "originalCode": "this.left != null",
    "replacement": "this.left.value === v",
    "promptId": 21,
    "completionId": 20,
    "reason": "if/test"
  },
  {
    "file": "/src/TreeSorter.ts",
    "startLine": 41,
    "startColumn": 8,
    "endLine": 41,
    "endColumn": 24,
    "originalCode": "this.left.insert",
    "replacement": "this.right.insert",
    "promptId": 22,
    "completionId": 21,
    "reason": "call/callee"
  },
  {
    "file": "/src/TreeSorter.ts",
    "startLine": 41,
    "startColumn": 25,
    "endLine": 41,
    "endColumn": 26,
    "originalCode": "v",
    "replacement": "null",
    "promptId": 23,
    "completionId": 22,
    "reason": "call/arg0"
  },
  {
    "file": "/src/TreeSorter.ts",
    "startLine": 41,
    "startColumn": 25,
    "endLine": 41,
    "endColumn": 26,
    "originalCode": "v",
    "replacement": "this.value",
    "promptId": 23,
    "completionId": 22,
    "reason": "call/arg0"
  },
  {
    "file": "/src/TreeSorter.ts",
    "startLine": 41,
    "startColumn": 25,
    "endLine": 41,
    "endColumn": 26,
    "originalCode": "v",
    "replacement": "list[i]",
    "promptId": 23,
    "completionId": 22,
    "reason": "call/arg0"
  },
  {
    "file": "/src/TreeSorter.ts",
    "startLine": 41,
    "startColumn": 28,
    "endLine": 41,
    "endColumn": 38,
    "originalCode": "compareFun",
    "replacement": "compareFun(v, this.value) > 0",
    "promptId": 24,
    "completionId": 23,
    "reason": "call/arg1"
  },
  {
    "file": "/src/TreeSorter.ts",
    "startLine": 41,
    "startColumn": 28,
    "endLine": 41,
    "endColumn": 38,
    "originalCode": "compareFun",
    "replacement": "compareFun(v, this.value) == 0",
    "promptId": 24,
    "completionId": 23,
    "reason": "call/arg1"
  },
  {
    "file": "/src/TreeSorter.ts",
    "startLine": 41,
    "startColumn": 8,
    "endLine": 41,
    "endColumn": 39,
    "originalCode": "this.left.insert(v, compareFun)",
    "replacement": "this.left.insert(v, compareFun(v, this.value))",
    "promptId": 25,
    "completionId": 24,
    "reason": "call/allArgs"
  },
  {
    "file": "/src/TreeSorter.ts",
    "startLine": 41,
    "startColumn": 8,
    "endLine": 41,
    "endColumn": 39,
    "originalCode": "this.left.insert(v, compareFun)",
    "replacement": "this.left.insert(v, compareFun(v, this.value) + 1)",
    "promptId": 25,
    "completionId": 24,
    "reason": "call/allArgs"
  },
  {
    "file": "/src/TreeSorter.ts",
    "startLine": 41,
    "startColumn": 8,
    "endLine": 41,
    "endColumn": 39,
    "originalCode": "this.left.insert(v, compareFun)",
    "replacement": "this.left.insert(v, compareFun(v, this.value) * 2)",
    "promptId": 25,
    "completionId": 24,
    "reason": "call/allArgs"
  },
  {
    "file": "/src/TreeSorter.ts",
    "startLine": 46,
    "startColumn": 10,
    "endLine": 46,
    "endColumn": 28,
    "originalCode": "this.right != null",
    "replacement": "this.right == null",
    "promptId": 26,
    "completionId": 25,
    "reason": "if/test"
  },
  {
    "file": "/src/TreeSorter.ts",
    "startLine": 46,
    "startColumn": 10,
    "endLine": 46,
    "endColumn": 28,
    "originalCode": "this.right != null",
    "replacement": "this.right === null",
    "promptId": 26,
    "completionId": 25,
    "reason": "if/test"
  },
  {
    "file": "/src/TreeSorter.ts",
    "startLine": 46,
    "startColumn": 10,
    "endLine": 46,
    "endColumn": 28,
    "originalCode": "this.right != null",
    "replacement": "this.right !== null",
    "promptId": 26,
    "completionId": 25,
    "reason": "if/test"
  },
  {
    "file": "/src/TreeSorter.ts",
    "startLine": 47,
    "startColumn": 8,
    "endLine": 47,
    "endColumn": 25,
    "originalCode": "this.right.insert",
    "replacement": "this.left.insert",
    "promptId": 27,
    "completionId": 26,
    "reason": "call/callee"
  },
  {
    "file": "/src/TreeSorter.ts",
    "startLine": 47,
    "startColumn": 29,
    "endLine": 47,
    "endColumn": 39,
    "originalCode": "compareFun",
    "replacement": "compareFun(v, this.value) > 0",
    "promptId": 29,
    "completionId": 28,
    "reason": "call/arg1"
  },
  {
    "file": "/src/TreeSorter.ts",
    "startLine": 47,
    "startColumn": 29,
    "endLine": 47,
    "endColumn": 39,
    "originalCode": "compareFun",
    "replacement": "compareFun(v, this.value) != 0",
    "promptId": 29,
    "completionId": 28,
    "reason": "call/arg1"
  },
  {
    "file": "/src/TreeSorter.ts",
    "startLine": 47,
    "startColumn": 8,
    "endLine": 47,
    "endColumn": 40,
    "originalCode": "this.right.insert(v, compareFun)",
    "replacement": "this.right.insert(v, compareFun(v, this.value))",
    "promptId": 30,
    "completionId": 29,
    "reason": "call/allArgs"
  },
  {
    "file": "/src/TreeSorter.ts",
    "startLine": 47,
    "startColumn": 8,
    "endLine": 47,
    "endColumn": 40,
    "originalCode": "this.right.insert(v, compareFun)",
    "replacement": "this.right.insert(v, compareFun(v, this.value) + 1)",
    "promptId": 30,
    "completionId": 29,
    "reason": "call/allArgs"
  },
  {
    "file": "/src/TreeSorter.ts",
    "startLine": 47,
    "startColumn": 8,
    "endLine": 47,
    "endColumn": 40,
    "originalCode": "this.right.insert(v, compareFun)",
    "replacement": "this.right.insert(v, compareFun(v, this.value) * 2)",
    "promptId": 30,
    "completionId": 29,
    "reason": "call/allArgs"
  },
  {
    "file": "/src/TreeSorter.ts",
    "startLine": 59,
    "startColumn": 8,
    "endLine": 59,
    "endColumn": 25,
    "originalCode": "this.left != null",
    "replacement": "this.left === null",
    "promptId": 31,
    "completionId": 30,
    "reason": "if/test"
  },
  {
    "file": "/src/TreeSorter.ts",
    "startLine": 59,
    "startColumn": 8,
    "endLine": 59,
    "endColumn": 25,
    "originalCode": "this.left != null",
    "replacement": "this.right != null",
    "promptId": 31,
    "completionId": 30,
    "reason": "if/test"
  },
  {
    "file": "/src/TreeSorter.ts",
    "startLine": 59,
    "startColumn": 8,
    "endLine": 59,
    "endColumn": 25,
    "originalCode": "this.left != null",
    "replacement": "this.left.insert(v, compareFun)",
    "promptId": 31,
    "completionId": 30,
    "reason": "if/test"
  },
  {
    "file": "/src/TreeSorter.ts",
    "startLine": 60,
    "startColumn": 17,
    "endLine": 60,
    "endColumn": 35,
    "originalCode": "this.left.copyInto",
    "replacement": "this.right.copyInto",
    "promptId": 32,
    "completionId": 31,
    "reason": "call/callee"
  },
  {
    "file": "/src/TreeSorter.ts",
    "startLine": 60,
    "startColumn": 36,
    "endLine": 60,
    "endColumn": 40,
    "originalCode": "list",
    "replacement": "list.slice()",
    "promptId": 33,
    "completionId": 32,
    "reason": "call/arg0"
  },
  {
    "file": "/src/TreeSorter.ts",
    "startLine": 60,
    "startColumn": 36,
    "endLine": 60,
    "endColumn": 40,
    "originalCode": "list",
    "replacement": "list.splice(0, 1)",
    "promptId": 33,
    "completionId": 32,
    "reason": "call/arg0"
  },
  {
    "file": "/src/TreeSorter.ts",
    "startLine": 60,
    "startColumn": 36,
    "endLine": 60,
    "endColumn": 40,
    "originalCode": "list",
    "replacement": "list.concat([])",
    "promptId": 33,
    "completionId": 32,
    "reason": "call/arg0"
  },
  {
    "file": "/src/TreeSorter.ts",
    "startLine": 60,
    "startColumn": 42,
    "endLine": 60,
    "endColumn": 50,
    "originalCode": "newIndex",
    "replacement": "newIndex + 1",
    "promptId": 34,
    "completionId": 33,
    "reason": "call/arg1"
  },
  {
    "file": "/src/TreeSorter.ts",
    "startLine": 60,
    "startColumn": 42,
    "endLine": 60,
    "endColumn": 50,
    "originalCode": "newIndex",
    "replacement": "list.length",
    "promptId": 34,
    "completionId": 33,
    "reason": "call/arg1"
  },
  {
    "file": "/src/TreeSorter.ts",
    "startLine": 60,
    "startColumn": 42,
    "endLine": 60,
    "endColumn": 50,
    "originalCode": "newIndex",
    "replacement": "this.value",
    "promptId": 34,
    "completionId": 33,
    "reason": "call/arg1"
  },
  {
    "file": "/src/TreeSorter.ts",
    "startLine": 60,
    "startColumn": 17,
    "endLine": 60,
    "endColumn": 51,
    "originalCode": "this.left.copyInto(list, newIndex)",
    "replacement": "this.left.copyInto(list, newIndex + 1)",
    "promptId": 35,
    "completionId": 34,
    "reason": "call/allArgs"
  },
  {
    "file": "/src/TreeSorter.ts",
    "startLine": 60,
    "startColumn": 17,
    "endLine": 60,
    "endColumn": 51,
    "originalCode": "this.left.copyInto(list, newIndex)",
    "replacement": "this.left.copyInto(list, newIndex - 1)",
    "promptId": 35,
    "completionId": 34,
    "reason": "call/allArgs"
  },
  {
    "file": "/src/TreeSorter.ts",
    "startLine": 60,
    "startColumn": 17,
    "endLine": 60,
    "endColumn": 51,
    "originalCode": "this.left.copyInto(list, newIndex)",
    "replacement": "this.left.copyInto(list, newIndex * 2)",
    "promptId": 35,
    "completionId": 34,
    "reason": "call/allArgs"
  },
  {
    "file": "/src/TreeSorter.ts",
    "startLine": 63,
    "startColumn": 8,
    "endLine": 63,
    "endColumn": 26,
    "originalCode": "this.right != null",
    "replacement": "this.right == null",
    "promptId": 36,
    "completionId": 35,
    "reason": "if/test"
  },
  {
    "file": "/src/TreeSorter.ts",
    "startLine": 63,
    "startColumn": 8,
    "endLine": 63,
    "endColumn": 26,
    "originalCode": "this.right != null",
    "replacement": "this.right.length > 0",
    "promptId": 36,
    "completionId": 35,
    "reason": "if/test"
  },
  {
    "file": "/src/TreeSorter.ts",
    "startLine": 63,
    "startColumn": 8,
    "endLine": 63,
    "endColumn": 26,
    "originalCode": "this.right != null",
    "replacement": "this.right.length == 0",
    "promptId": 36,
    "completionId": 35,
    "reason": "if/test"
  },
  {
    "file": "/src/TreeSorter.ts",
    "startLine": 64,
    "startColumn": 17,
    "endLine": 64,
    "endColumn": 36,
    "originalCode": "this.right.copyInto",
    "replacement": "this.left.copyInto",
    "promptId": 37,
    "completionId": 36,
    "reason": "call/callee"
  },
  {
    "file": "/src/TreeSorter.ts",
    "startLine": 64,
    "startColumn": 37,
    "endLine": 64,
    "endColumn": 41,
    "originalCode": "list",
    "replacement": "list.slice()",
    "promptId": 38,
    "completionId": 37,
    "reason": "call/arg0"
  },
  {
    "file": "/src/TreeSorter.ts",
    "startLine": 64,
    "startColumn": 37,
    "endLine": 64,
    "endColumn": 41,
    "originalCode": "list",
    "replacement": "list.splice(0, 1)",
    "promptId": 38,
    "completionId": 37,
    "reason": "call/arg0"
  },
  {
    "file": "/src/TreeSorter.ts",
    "startLine": 64,
    "startColumn": 37,
    "endLine": 64,
    "endColumn": 41,
    "originalCode": "list",
    "replacement": "list.concat([])",
    "promptId": 38,
    "completionId": 37,
    "reason": "call/arg0"
  },
  {
    "file": "/src/TreeSorter.ts",
    "startLine": 64,
    "startColumn": 43,
    "endLine": 64,
    "endColumn": 51,
    "originalCode": "newIndex",
    "replacement": "newIndex + 1",
    "promptId": 39,
    "completionId": 38,
    "reason": "call/arg1"
  },
  {
    "file": "/src/TreeSorter.ts",
    "startLine": 64,
    "startColumn": 43,
    "endLine": 64,
    "endColumn": 51,
    "originalCode": "newIndex",
    "replacement": "list.length",
    "promptId": 39,
    "completionId": 38,
    "reason": "call/arg1"
  },
  {
    "file": "/src/TreeSorter.ts",
    "startLine": 64,
    "startColumn": 43,
    "endLine": 64,
    "endColumn": 51,
    "originalCode": "newIndex",
    "replacement": "Math.floor(Math.random() * list.length)",
    "promptId": 39,
    "completionId": 38,
    "reason": "call/arg1"
  },
  {
    "file": "/src/TreeSorter.ts",
    "startLine": 64,
    "startColumn": 17,
    "endLine": 64,
    "endColumn": 52,
    "originalCode": "this.right.copyInto(list, newIndex)",
    "replacement": "this.right.copyInto(list, newIndex + 1)",
    "promptId": 40,
    "completionId": 39,
    "reason": "call/allArgs"
  },
  {
    "file": "/src/TreeSorter.ts",
    "startLine": 64,
    "startColumn": 17,
    "endLine": 64,
    "endColumn": 52,
    "originalCode": "this.right.copyInto(list, newIndex)",
    "replacement": "this.right.copyInto(list, newIndex - 1)",
    "promptId": 40,
    "completionId": 39,
    "reason": "call/allArgs"
  },
  {
    "file": "/src/TreeSorter.ts",
    "startLine": 64,
    "startColumn": 17,
    "endLine": 64,
    "endColumn": 52,
    "originalCode": "this.right.copyInto(list, newIndex)",
    "replacement": "this.right.copyInto(list, newIndex * 2)",
    "promptId": 40,
    "completionId": 39,
    "reason": "call/allArgs"
  }
]