[
  "src/build-country.js",
  "src/build-timezone.js",
  "src/index.js"
]