{
  "nrCandidates": 354,
  "nrSyntacticallyValid": 241,
  "nrSyntacticallyInvalid": 46,
  "nrIdentical": 67,
  "nrDuplicate": 30,
  "nrLocations": 89,
  "metaInfo": {
    "modelName": "text-davinci-003",
    "temperature": 0,
    "maxTokens": 100,
    "n": 5
  }
}